2026-07-20T01:28:57Z INF Thank you for trying Cloudflare Tunnel. Doing so, without a Cloudflare account, is a quick way to experiment and try it out. However, be aware that these account-less Tunnels have no uptime guarantee, are subject to the Cloudflare Online Services Terms of Use (https://www.cloudflare.com/website-terms/), and Cloudflare reserves the right to investigate your use of Tunnels for violations of such terms. If you intend to use Tunnels in production you should use a pre-created named tunnel by following: https://developers.cloudflare.com/cloudflare-one/connections/connect-apps
2026-07-20T01:28:57Z INF Requesting new quick Tunnel on trycloudflare.com...
2026-07-20T01:29:00Z INF +--------------------------------------------------------------------------------------------+
2026-07-20T01:29:00Z INF |  Your quick Tunnel has been created! Visit it at (it may take some time to be reachable):  |
2026-07-20T01:29:00Z INF |  https://provides-cloud-safer-proportion.trycloudflare.com                                 |
2026-07-20T01:29:00Z INF +--------------------------------------------------------------------------------------------+
2026-07-20T01:29:00Z INF Cannot determine default configuration path. No file [config.yml config.yaml] in [~/.cloudflared ~/.cloudflare-warp ~/cloudflare-warp /etc/cloudflared /usr/local/etc/cloudflared]
2026-07-20T01:29:00Z INF Version 2026.7.2 (Checksum c647bfd58ab7fa562d47061853321eb78b7205b110a45fff8f3c53196f3986a5)
2026-07-20T01:29:00Z INF GOOS: darwin, GOVersion: go1.26.5, GoArch: arm64
2026-07-20T01:29:00Z INF Settings: map[ha-connections:1 protocol:quic url:http://localhost:3000]
2026-07-20T01:29:00Z INF cloudflared will not automatically update if installed by a package manager.
2026-07-20T01:29:00Z INF Generated Connector ID: 239d846e-35b0-46ff-a623-2d64dceba4ea
2026-07-20T01:29:01Z INF Initial protocol quic
2026-07-20T01:29:01Z INF ICMP proxy will use 192.168.0.150 as source for IPv4
2026-07-20T01:29:01Z INF ICMP proxy will use fe80::1c36:e39e:ac5a:f0e8 in zone en1 as source for IPv6
2026-07-20T01:29:01Z INF Created ICMP proxy listening on 192.168.0.150:0
2026-07-20T01:29:01Z INF ICMP proxy will use 192.168.0.150 as source for IPv4
2026-07-20T01:29:01Z INF ICMP proxy will use fe80::1c36:e39e:ac5a:f0e8 in zone en1 as source for IPv6
2026-07-20T01:29:01Z INF Starting metrics server on 127.0.0.1:20241/metrics
2026-07-20T01:29:01Z INF Tunnel connection curve preferences: [X25519MLKEM768 CurveID(65074) CurveP256] connIndex=0 event=0 ip=198.41.200.53
2026-07-20T01:29:01Z INF Registered tunnel connection connIndex=0 connection=4331a086-0d35-451d-86c5-b88a3bae4f34 event=0 ip=198.41.200.53 location=icn01 protocol=quic
2026-07-20T01:29:07Z INF +-------------------------------------------------------------------------------------+
2026-07-20T01:29:07Z INF |                               CONNECTIVITY PRE-CHECKS                               |
2026-07-20T01:29:07Z INF +-------------------------------------------------------------------------------------+
2026-07-20T01:29:07Z INF |  COMPONENT         TARGET                     STATUS  DETAILS                       |
2026-07-20T01:29:07Z INF |  DNS Resolution    region1.v2.argotunnel.com  PASS    DNS Resolved successfully     |
2026-07-20T01:29:07Z INF |  DNS Resolution    region2.v2.argotunnel.com  PASS    DNS Resolved successfully     |
2026-07-20T01:29:07Z INF |  UDP Connectivity  region1.v2.argotunnel.com  PASS    QUIC connection successful    |
2026-07-20T01:29:07Z INF |  UDP Connectivity  region2.v2.argotunnel.com  PASS    QUIC connection successful    |
2026-07-20T01:29:07Z INF |  TCP Connectivity  region1.v2.argotunnel.com  PASS    HTTP/2 connection successful  |
2026-07-20T01:29:07Z INF |  TCP Connectivity  region2.v2.argotunnel.com  PASS    HTTP/2 connection successful  |
2026-07-20T01:29:07Z INF |  Cloudflare API    api.cloudflare.com:443     PASS    API is reachable              |
2026-07-20T01:29:07Z INF |                                                                                     |
2026-07-20T01:29:07Z INF |  SUMMARY: Environment is healthy. cloudflared will use 'quic' as primary protocol.  |
2026-07-20T01:29:07Z INF +-------------------------------------------------------------------------------------+
2026-07-20T01:29:07Z INF precheck component="DNS Resolution" details="DNS Resolved successfully" run_id=df830d77-030d-4d60-ba05-71e6e88c4f9b status=pass target=region1.v2.argotunnel.com
2026-07-20T01:29:07Z INF precheck component="DNS Resolution" details="DNS Resolved successfully" run_id=df830d77-030d-4d60-ba05-71e6e88c4f9b status=pass target=region2.v2.argotunnel.com
2026-07-20T01:29:07Z INF precheck component="UDP Connectivity" details="QUIC connection successful" run_id=df830d77-030d-4d60-ba05-71e6e88c4f9b status=pass target=region1.v2.argotunnel.com
2026-07-20T01:29:07Z INF precheck component="UDP Connectivity" details="QUIC connection successful" run_id=df830d77-030d-4d60-ba05-71e6e88c4f9b status=pass target=region2.v2.argotunnel.com
2026-07-20T01:29:07Z INF precheck component="TCP Connectivity" details="HTTP/2 connection successful" run_id=df830d77-030d-4d60-ba05-71e6e88c4f9b status=pass target=region1.v2.argotunnel.com
2026-07-20T01:29:07Z INF precheck component="TCP Connectivity" details="HTTP/2 connection successful" run_id=df830d77-030d-4d60-ba05-71e6e88c4f9b status=pass target=region2.v2.argotunnel.com
2026-07-20T01:29:07Z INF precheck component="Cloudflare API" details="API is reachable" run_id=df830d77-030d-4d60-ba05-71e6e88c4f9b status=pass target=api.cloudflare.com:443
2026-07-20T01:29:07Z INF precheck complete hard_fail=false run_id=df830d77-030d-4d60-ba05-71e6e88c4f9b suggested_protocol=quic
